Enter password: ********
Welcome to the MySQL monitor.  Commands end with ; or \g.
Your MySQL connection id is 25
Server version: 8.0.34 MySQL Community Server - GPL

Copyright (c) 2000, 2023, Oracle and/or its affiliates.

Oracle is a registered trademark of Oracle Corporation and/or its
affiliates. Other names may be trademarks of their respective
owners.

Type 'help;' or '\h' for help. Type '\c' to clear the current input statement.

mysql> show databases;
+--------------------+
| Database           |
+--------------------+
| emp                |
| information_schema |
| mysql              |
| performance_schema |
| sys                |
+--------------------+
5 rows in set (0.00 sec)

mysql> create database if not exists emp;
Query OK, 1 row affected, 1 warning (0.01 sec)

mysql> create database text;
Query OK, 1 row affected (0.01 sec)

mysql> show databases;
+--------------------+
| Database           |
+--------------------+
| emp                |
| information_schema |
| mysql              |
| performance_schema |
| sys                |
| text               |
+--------------------+
6 rows in set (0.00 sec)

mysql> drop database if exists text;
Query OK, 0 rows affected (0.01 sec)

mysql> show databases;
+--------------------+
| Database           |
+--------------------+
| emp                |
| information_schema |
| mysql              |
| performance_schema |
| sys                |
+--------------------+
5 rows in set (0.00 sec)

mysql> use emp;
Database changed
mysql> select database();
+------------+
| database() |
+------------+
| emp        |
+------------+
1 row in set (0.00 sec)

mysql> create table table1(
    -> id int comment '编号',
    -> name varchar(50) comment '姓名',
    -> age int comment '年龄',
    -> gender varchar(1) comment '性别'
    -> ) comment '员工表';
Query OK, 0 rows affected (0.03 sec)

mysql> desc table1;
+--------+-------------+------+-----+---------+-------+
| Field  | Type        | Null | Key | Default | Extra |
+--------+-------------+------+-----+---------+-------+
| id     | int         | YES  |     | NULL    |       |
| name   | varchar(50) | YES  |     | NULL    |       |
| age    | int         | YES  |     | NULL    |       |
| gender | varchar(1)  | YES  |     | NULL    |       |
+--------+-------------+------+-----+---------+-------+
4 rows in set (0.00 sec)

mysql> show create table table1;
+--------+--------------------------------------------------------------------------------------------------------------------------------------------------------------------------------------------------------------------------------------------------------------------------------------------------+
| Table  | Create Table

                                                            |
+--------+--------------------------------------------------------------------------------------------------------------------------------------------------------------------------------------------------------------------------------------------------------------------------------------------------+
| table1 | CREATE TABLE `table1` (
  `id` int DEFAULT NULL COMMENT '编号',
  `name` varchar(50) DEFAULT NULL COMMENT '姓名',
  `age` int DEFAULT NULL COMMENT '年龄',
  `gender` varchar(1) DEFAULT NULL COMMENT '性别'
) ENGINE=InnoDB DEFAULT CHARSET=utf8mb4 COLLATE=utf8mb4_0900_ai_ci COMMENT='员工表' |
+--------+--------------------------------------------------------------------------------------------------------------------------------------------------------------------------------------------------------------------------------------------------------------------------------------------------+
1 row in set (0.00 sec)

mysql> alter table table1 add nickname varchar(20) comment '昵称';
Query OK, 0 rows affected (0.01 sec)
Records: 0  Duplicates: 0  Warnings: 0

mysql> desc table1;
+----------+-------------+------+-----+---------+-------+
| Field    | Type        | Null | Key | Default | Extra |
+----------+-------------+------+-----+---------+-------+
| id       | int         | YES  |     | NULL    |       |
| name     | varchar(50) | YES  |     | NULL    |       |
| age      | int         | YES  |     | NULL    |       |
| gender   | varchar(1)  | YES  |     | NULL    |       |
| nickname | varchar(20) | YES  |     | NULL    |       |
+----------+-------------+------+-----+---------+-------+
5 rows in set (0.00 sec)

mysql> show create table table1;
+--------+--------------------------------------------------------------------------------------------------------------------------------------------------------------------------------------------------------------------------------------------------------------------------------------------------------------------------------------------------------+
| Table  | Create Table

                                                                                                                  |
+--------+--------------------------------------------------------------------------------------------------------------------------------------------------------------------------------------------------------------------------------------------------------------------------------------------------------------------------------------------------------+
| table1 | CREATE TABLE `table1` (
  `id` int DEFAULT NULL COMMENT '编号',
  `name` varchar(50) DEFAULT NULL COMMENT '姓名',
  `age` int DEFAULT NULL COMMENT '年龄',
  `gender` varchar(1) DEFAULT NULL COMMENT '性别',
  `nickname` varchar(20) DEFAULT NULL COMMENT '昵称'
) ENGINE=InnoDB DEFAULT CHARSET=utf8mb4 COLLATE=utf8mb4_0900_ai_ci COMMENT='员工表' |
+--------+--------------------------------------------------------------------------------------------------------------------------------------------------------------------------------------------------------------------------------------------------------------------------------------------------------------------------------------------------------+
1 row in set (0.00 sec)

mysql> alter table table1 change nickname nickName varchar(30);
Query OK, 0 rows affected (0.01 sec)
Records: 0  Duplicates: 0  Warnings: 0

mysql> desc table1;
+----------+-------------+------+-----+---------+-------+
| Field    | Type        | Null | Key | Default | Extra |
+----------+-------------+------+-----+---------+-------+
| id       | int         | YES  |     | NULL    |       |
| name     | varchar(50) | YES  |     | NULL    |       |
| age      | int         | YES  |     | NULL    |       |
| gender   | varchar(1)  | YES  |     | NULL    |       |
| nickName | varchar(30) | YES  |     | NULL    |       |
+----------+-------------+------+-----+---------+-------+
5 rows in set (0.00 sec)

mysql> alter table1 rename to empTable;
ERROR 1064 (42000): You have an error in your SQL syntax; check the manual that corresponds to your MySQL server version for the right syntax to use near 'table1 rename to empTable' at line 1
mysql> alter table table1 rename to empTable;
Query OK, 0 rows affected (0.01 sec)

mysql> show tables;
+---------------+
| Tables_in_emp |
+---------------+
| emptable      |
+---------------+
1 row in set (0.00 sec)

mysql>